Tests: 300
Costs: 4,1,9,8,8,5,4,18,3,19,14,2,1,3,7,8,17,20,1,18,7,18,14,8,15,19,9,1,6,14,11,9,5,7,11,4,3,13,4,12,12,20,9,2,15,18,4,13,3,18,10,20,12,19,7,3,2,8,10,3,8,4,13,9,15,12,6,12,12,7,9,3,20,6,18,8,6,15,13,9,18,8,11,2,8,2,11,13,9,3,7,19,11,7,16,13,15,5,9,5,8,18,18,9,19,14,19,13,12,8,5,17,16,3,2,4,5,6,14,20,3,13,13,20,15,17,9,18,1,4,18,9,11,4,10,14,6,15,1,9,17,6,17,4,10,17,20,7,5,12,6,18,17,1,20,11,16,1,4,12,10,8,2,8,19,3,3,16,3,18,5,5,16,18,6,9,17,20,14,7,18,7,10,13,12,15,17,15,4,8,8,3,11,1,19,18,8,19,8,1,3,2,8,3,2,11,3,17,8,9,16,7,18,5,19,19,16,8,16,14,7,4,4,14,12,14,14,15,2,4,2,13,11,4,8,7,7,18,15,5,14,6,9,15,8,3,15,18,4,2,18,1,3,8,6,14,16,16,7,13,2,6,13,1,13,9,15,10,14,18,16,5,7,10,7,2,19,18,2,11,2,2,19,16,17,17,6,2,17,3,6,3,20,3,8,13,4,19,8,19
Requirements: 1200
Coverage: 20,41,104,122,133,135,160,161,214,267,289,298;4,37,51,67,153,161,234,275,288;35,67,125,135,178,259;4,80,145,154,224,270,278,283;53,54,59,68,79,135,283;104,107,135,144,175,250,258;1,22,26,47,141,170,216;82,134,218,226,282;4,18,38,57,75,76,189,220,279,282,298;20,21,157,183,186;52,79,127,181,208,286;12,83,90,91,170,211;19,55,81,102,113,127,136,195,240;12,35,98,114,116,142,156,168,179,204;14,59,169,179,204,260,274;19,55,91,135,176,222,297;22,59,97,130,197,223,261,295;0,35,100,160,169,186,220,266,275;153,158,209,259;65,89,98,151,194,206,215,283;0,107,146,154,155,164,207,220,238,280,291,296;43,47,86,109,145,171,226,242,261,263;12,23,75,101,115,158;37,99,212,233,243,294;2,54,75,90,112,124,204,217,253;25,62,68,127,162,226,233,237,271,285,286;81,126,132,141,218,228,230,243,248,258,266,280;39,120,139,140,146,225;41,70,77,78,118,163,196,276;32,169,208,212,238,277;10,31,105,194,199,215,244,294,299;152,180,199;14,112,139,199,223,248,249,275,279;13,65,84,201,207,239,273,288;42,69,219;25,93,108,133,142,167,172,194,215,232;9,26,41,114,179,240,276;15,20,102,126;64,78,122;55,58,83,85,111,131,159,188,238,288;13,38,52,61,101,124,154,159,192,203,289,294;177,219,272;6,35,54,174,215,221,250,259;78,90,138,222,235,247,267,275;44,124,125,137,142,165,223,230,237,291;14,93,108,132,143,166,172,174,181,194,249,253;5,43,97,123,141,208,229,243,250,251,264,284;47,113,150;124,156,176,188,217,242,271,283,297;61,98,118,128,138,156,161,169,180,232,274;98,110,141,247,268;7,51,64,91,99,116,140,144,151,154,184,273;27,149,283;6,52,145,251,293;26,33,58,94,129,174,205,225,244,245;27,37,43,60,76,77,127,155,288,295;30,115,152,156,194,213,219,226,230,267,291;1,38,41,50,80,88,106,108,122,135,209,282;16,36,118,119,135,144,147,149,232,240;30,36,58,72,76,84,101,115,136,157,217,278;41,63,139,147,155,206,224,239,252,256,276,291;10,13,20,46,89,117,128,137,165,221,294,295;46,92,142,178,223,226,240,251,265,299;53,82,147,164,168,170,205,210,253;0,18,45,59,129,161,165,206,232,263,277;26,27,96,104,136,185,211,226,255,265;7,14,62,67,81,122,147,159,224,248,282;47,58,60,78,115,139,149,208,236,255,260;74,97,124,196,233,241,247,260,282;35,141,174,212,259;1,76,144,152,228,250,296;96,122,164,170,176,193,233,247,278,282,292;22,77,119,162,195,197,210,242,253;64,169,257;51,225,233,269;73,79,209;135,173,203,240;162,168,194,273;18,35,46,50,51,116,120,147,222,277;14,23,28,85,150,153,166,183,191,220;92,125,210,271,289;40,89,123,195,254;4,37,73,80,118,130,147,226,235,236,238,279;101,128,153,154,196,217,233,247;121,183,195,292;4,11,25,112,117,140,146,151,180,202,254,289;20,49,70,128,158,225;67,186,296;89,151,167,212;67,139,187,256,271,276;58,131,151,173,246;7,38,46,72,115,135,187,202,203,285;12,55,63,119,134,188,190,195,232,241,299;19,23,32,59,71,113,154,155,167,209,237,287;49,59,69,120,189,198,214,232,275,276;16,50,79,111,120,143,185,189,208,212,227,250;31,183,188,278;10,25,46,62,97,108,141,170,232;35,64,105,106,283,289;1,56,66,74,75,89,110,119,128,141,168,276;7,67,183;8,26,64,89,135,165;32,55,58,185,229,231,243,262,269;15,22,31,55,113,154,205,218,234,245,266;33,37,41,64,75,140,164,227,280,299;50,58,150,195,220,232,258,271;48,110,116,160,173,204,211,212,220,231,232;34,43,46,47,78,130,160,191,242;30,49,62,66,168,190,210,284,287;26,53,147,159,180,216,259,295;55,79,114,179,246,284;13,58,115,142,219,285,287,293;3,14,35,73,92,136,139,158,173,179,205,289;15,46,110,192,271;26,43,80,159,166,174,189,232,290;25,41,80,139,226;58,110,139,176,212,220,226,248,262;145,157,249,269;28,112,202;104,108,154;3,61,130,148,167;36,66,89,117,181,194,220,256,272,286;9,21,39,160,219,223,235,293,294;10,58,87,148,166,185,207,213,235;54,124,205,223;39,40,58,86,113,158,170,173,202,261,271;52,74,75,78,88,99,101,120,131,178,179;90,237,252,288;28,34,77,140,155,161,165,225,226,229,240,289;19,29,37,158,188,231,236,259;39,46,196,236,259,283,297;96,230,292;31,43,52,77,175,230,243,256;20,81,88,126,144,186,190,198,224,267,268;26,33,48,145,168,171,173,197,285;41,72,76,158,170,179,298;43,47,65,66,158,168,192,269,286;9,92,98,109,158,174,185,248,260;39,51,70,79,151,259;19,22,67,78,83,84,92,172,192,224,269;119,121,122,145,158,186,227,229,273;99,144,188,195,214,225,236,257,270,292;26,70,102,128,246;42,52,63,82,139,145,264,283;13,27,46,75,113,178,212,223,230,262;14,41,50,114,120,163,191,197,257;19,70,71,74,146,229,240,241;2,9,40,56,76,110,121,131,147,216,270,280;24,32,56,62,122,214,234;0,8,73,123,149,180,219,263,274,294;43,95,184,213,268,292;259,269,278,283;22,199,240;8,34,53,123,129,176,182,191,297;22,68,89,173,180,237,245,279;18,32,69,150,234;21,22,102,158,161,263;18,24,97,129,146,169,182,242,278;63,173,188,197,204,223,225;42,136,188,254,265;40,52,92,150,151,164,167,220,279;21,85,179,180,218,227,228;15,17,29,38,73,81,140,186,207,222,224,262;34,120,185,187,196;16,39,70,78,187,189,190,203,227,230,271,293;13,58,95,127,142,198,255,265;37,60,62,69,102,109,133,134,146,228,251;33,44,88,148,153,163,177,227,277,281;62,89,114,185,260;13,71,121,184,252,283;33,44,66,158,188,203,209,210,239,245,269,282;37,64,65,66,93,162,176,221,230,238,264,282;28,63,78,82,84,115,145,155,165,177,265;100,128,140,282;47,86,155,257,273;14,21,23,41,78,87,107,135,172,288,295,297;15,37,125,148,152,154,207,213,232,247,254,279;80,212,225;66,73,104,160,163,174,176,189,204,237;49,54,62,72,123,126,136,163,230,238,287;148,196,214;81,97,160,167,255,295;11,46,110,123,157,201,234,239,254,255,258;4,24,25,55,68,144,146,180,220,240,253,274;23,26,187,205,206,287,291;37,147,185,197,258,283;49,60,65,143,173,187,191,201,281,285;20,101,205,256,260;19,70,170;71,76,83,153,163,167,201,233,263,265;8,56,153,169,172,188,243,250,259,260,272,288;13,26,116,135,157,242,295,296,298;9,16,56,75,87,97,124,194,225,245,268,293;31,77,104,210,211,214,241,256;106,166,244,265,287;88,98,135,160,175,181,192,235,247,272,279;106,115,142,147,152,285;62,140,147,162,178,194,245,278,286,293;21,40,74,131,147,148,176,177,226;55,70,103,109,122,124,138,139,275,287;115,119,271;51,169,211;2,51,70,80,102,147,208,243,244,281;19,30,45,89,118,146,273,293;4,18,19,90,95,148,152,203,253;54,68,98,139,145,171,232,239,252,258,268,278;83,131,169,234;7,98,151,172,290;44,167,207,218,263;3,48,71,94,127,133,165,196,244;136,154,168,228,293,298;120,133,184;60,157,238;60,151,159,207,257;68,78,112,113,191,212,232,244;39,41,111,126,185,228,241,269,270,275,288;31,103,258,280;46,59,76,84,105,167,226,250,261,266,274,298;28,29,67,212,232,233,236,262,286,288;1,11,37,111,130,202,296;32,176,216;16,30,35,69,92,146,191,195,209,215,241;41,60,68,91,178,192,193,201,275,276;1,11,65,114,117,152,194,217,237,272,278;57,79,96,141,177,235;8,123,214;17,24,34,51,125,228;119,205,224;28,71,111,119,121,148,163,164,257,294,295;31,73,113,140,153,211,266;24,89,163,176,195,209,213,218,253,268,284;94,153,192,242,275;29,73,115,153,237,287;68,104,124,130,169,198,213,271,285;47,189,230,274;20,26,37,96,137,193;7,60,97,104,106,108,111,124,155,170,245,286;122,144,157,164,183,194,238,273,282;50,163,184,238,240,254,262;23,113,160,189,211,288;8,133,283,296,299;78,100,117,125,151,168,194,255,291;71,86,94,131,172,180,235,250,251,277,279;17,38,268;3,70,211;4,34,77,111,233,258;3,8,30,210,247,249,272,282;8,140,271;8,49,54,76,91,98,123,146,220,257,268;40,115,124,129,136,181,191,203,207,235,269,289;16,41,47,193,194,207,282;4,28,42,48,87,169,222,255,270,289;108,117,290;8,16,23,38,91,138,143,161,278,288;39,73,83,153,203,288;71,169,196,199,276,290;27,50,177,256;15,38,118,139,167,174,203,230,251;95,182,192,221,283,299;37,42,43,78,126,137,151,194,199;2,46,52,54,138,157,184,227;44,95,220,229,285;6,13,45,47,52,166,181,197,208,262,283;43,124,198,211,266,286,292;71,86,137,154,194;32,74,85,141,215,222,252;39,100,126,128,184,247,253;3,54,69,155,168,170,171,194,202,225;69,90,102,153,160,163,164,203,245;124,143,166,192,201,251,294;13,58,92,102,236,279,281,288;35,71,149,209,224,255;37,78,123,129,193,216,229;18,43,55,184,205,214,245,259,273,274,278,298;22,85,169,181,204,288;5,50,54,113,132,261,265,285,297;12,53,77,113,151,176,191,200,228,237,247,256;43,59,72,105,159,175,178,233,266;22,34,49,58,153,163,178,224,231,243;55,84,175;81,89,169,264,282,286;14,94,95,101,118,202,207,221,236;2,32,52,105,109,142,199,219,274,295;58,100,166,187,234;58,160,178,198,200,250,270;43,60,68,88,122,152,160,234;59,72,93,191,198,214,261;70,85,88,95,147,196,216,249,250,275,284,294;27,95,161,183,230;69,99,248;85,209,212,227,250,251,253,258,287;15,112,149,289;115,140,275;57,86,234,253,261,281,289;21,52,58,111,126,137,187,217,225,277,278,279;16,44,60,134,178,224,230;71,84,105,107,179,219;30,143,179,272,275,291;136,148,149,165,293;30,48,64,67,69,74,126,127,141,164,210;38,47,72,137,192,212,231,250,295;1,47,142,167,188,232,249,263,297;32,108,111,137,165,183,203,219,253,273;66,172,175,248,280,289,295;23,50,235;63,80,225;0,47,67,81,103,128,140,154,184,219;26,84,190,202;0,46,48,109,119,219,244;67,115,227,265;4,61,175;36,45,52,67,117,160,188,196,244;35,68,70,73,195,271,288;84,179,225;44,51,77,111,210,226;63,161,179,196,219;43,126,127,141,283;13,27,96,105,122,145,151,154,200,253,260,265;6,36,57,67,123,162,184,255,270;8,34,37,88,187,215,241,279,291;20,110,134;146,203,259;40,42,78,142,158,205,212,216,261,274,275;33,79,158,167,200,274;28,29,44,59,122,125,158,222,232;5,6,61,70,83;15,60,64,85,132,137,177,190,264,267;32,39,134,139,219,254,268,295;28,52,80,85,130,184,188,255,261,290;1,6,22,23,59,76,116,125,186,196,241,260;18,114,164,214,283;39,138,163,190,213,292;26,91,114,257;4,23,35,44,144,159,167,205,233,238,283;102,124,149,155,188,237,252,288;3,12,77,125,209,279;0,4,171,177,192,277;30,53,105,121,214,251,271;22,47,118,143,266;38,43,48,68,190,201,234,258,297;31,66,121,133,149,161,162,167,201,222,231,290;38,55,69,79,103,119,299;84,160,230,238;46,61,106,135,157,183,231,237,274;20,75,110,155,167;127,182,202,262;89,133,153;207,231,284;6,31,48,52,62,66,71,101,113,127,236;11,33,38,43,101,132,190,227,298;21,47,62,169,236;86,221,293;15,88,95,109,140,181,195,218,254;17,76,125,151,210,228,255;31,44,70,102,127,143,196,214,245,269,278;183,195,245;13,92,112,138,163,164,176,198,248,257,289;29,143,241;28,51,81,112,119,123,126,136,183,273,299;14,72,88,90,121,162,180,181,183,198,288,290;10,19,28,46,89,96,112,119,158,251,252,277;0,11,30,66,75,90,103,165,169,174,244;37,51,56,69,72,154,165,172,186,191,202,269;89,162,223,249,287;0,65,89,90,114,150,157,182,193,200,290,293;93,113,162;39,45,53,72,85,121,163,169,171,177,228,254;107,127,135;0,55,131,179;197,214,224;179,193,211,252,279;17,37,51,83,115,150,231,245,295;53,133,163;82,87,175,192;47,173,247,280;84,220,222;27,51,97,105,169;25,49,121,135,144,152,201,276,283;1,27,44,49,78,102,150,184,218,245,251,281;87,105,149;59,157,203,242;46,94,95,135,189,195,198,228,250,278;134,225,238;31,43,49,77,115,137,288;31,116,198,211,214,267,277,283;17,40,75,120,153,202,243,257,264,292,293;85,88,108,229;21,40,64,103,216,222;34,44,132,163,198;6,57,141,166,203,212,214,234,266,267,282;51,54,75,290,298;19,51,88,135,146,176,196,210,242,248,274,292;19,73,121,169,202,205,206;137,190,243;155,159,172;50,68,116,153,164,226,251;45,96,108,208,213,226,248;28,33,69,81,159,191,206,259,263,268,291;88,98,102;16,127,233;101,140,184;15,63,123,190,203,237,250,258;14,46,83,90,132,145,176,179,197,228,242,282;83,109,292;10,105,115,137,209,262;67,88,242;4,111,114,129,140,154,156,178,192,216,235,238;3,52,55,144,152,191,203,246,261,287,299;133,141,166,172;29,76,96,123,163,206,264;13,132,151,214,254;18,97,113,175,198,243,273,292,298;49,87,92,150,153,241,259,285;45,93,132,171,286;114,157,169,181,190,215;27,60,150,237,240,298,299;27,36,61,70,77,99,152,195,211,241,256,271;73,161,175,209,234,291;41,90,160,170,249;2,140,231;45,66,81,86,250,295;2,7,19,102,164,191,196,206,219,222,244,273;2,9,52,66,97,115,127,159,176,196,257;23,33,68,85,148,152,156,172,222,233,266,268;9,84,96,114,116,183,206,250;11,63,86,108,258;10,19,24,55,59,130,192,273;4,63,78,105,129,194,227,242,280;51,53,70,138,214,215,266;54,58,60,101,102,103,134,144,183,254,267;20,82,106,120,151,169,246,254,280;6,45,56;38,46,51,76,118,131,135,151,233,237,252,261;20,51,89;4,23,48,59,160,184,218;87,137,168,183,224;58,93,175,190;57,67,85,139,197,204,215,233,244;53,81,213;14,57,66,92,183,194,210,224,225,247,249,291;32,133,160;268,289,295;48,127,173,221,265,267;5,27,76,80,177,197,240,253,258,285;38,123,164,169,251;25,114,120,193,206,259,281;227,229,235,293;60,161,228,255;0,9,18,46,52,155,206,211,281,285;27,105,114,169,174,186,232,233,242,286,287;1,49,58,113,149,174,181,231;23,54,71,84,96,100,130,191,209,252,267;97,110,201,234;23,55,63,68,212,230,234,258;2,24,90,221,247,260,271,283,296,299;53,65,164,198,258;68,70,127,140,150,175,203,214,231;102,107,111,148,153,160,262,280,283;59,67,91,165,180,257,277,287;6,12,54,146,213,216,267,273,292,298;27,28,31,74,82,102,128,136,146;16,52,104,183,231,277,287;24,121,147,199,261,287;6,27,103,128,160,198,213,226,282;99,100,150,188,229,279;38,61,88,95,263;20,66,82,130,135,142,219,284,299;79,169,238;26,78,165;34,37,94,112,154,162,183,251,266,269,281,293;47,81,109,113,169,178,184,206,212,274,278;4,58,111,177,243,271,287;20,58,123,124,131,144,164,195,197,276;191,263,264;22,42,49,85,98,151,164,228,249,263,275;3,33,36,53,78,105,107,109,217,222,275;19,169,235;27,37,91,128;8,36,116,132,161,198,207,208,221,230,294;3,23,32,37,60,183,257,273,299;44,144,148,154;15,69,80,112,195,200,202,242,273,279;5,72,73,152,191,283,284;2,21,201,293;43,72,82,94,107,108,156,176,211,262,280;27,58,92,99,129,290;34,37,50,101,128,148,169,236,249,281,297;35,51,65,99,120,145,162,248;78,86,156,161,168,186,219,289,290,299;113,126,160;68,141,156,169,183,184,228,236,245;39,41,55,71,89,100,134,143,275,282;9,15,259,297;18,76,108,114,133,187,200,207,241,276,278,282;5,46,68,84,122,148,186,203,237,256,257,261;20,71,74,81,91,112,183,228,247,249,289;21,32,105,119,135,189;20,23,52,134,140,165,184,198,232,240,266;39,89,114,128,180,187,192,193,207,264,278,291;3,71,84,117,225,246,249,256;76,108,143,263;60,80,117,185,212;11,58,82,107,124,210,245,246;65,82,293;20,28,75,262,293;92,132,207,264,288;43,110,145;73,87,93,112,135,210,241,246,261,298;35,117,175,193,232;8,49,55,67,76,103,214,258,267;19,60,243,257,272;0,66,246,276;22,117,189,195,215,219,246,267,271;42,50,68,119,130,217,244,294;2,3,96,131,209,278,295;3,54,60,79,105,161,185,192,209,218,266;104,129,133,141,187,203,211,216,274,282,285,289;91,129,157,176,189,203,247,284,286,295;51,60,82,117,228;26,82,173,205,260,281;2,32,45,46,74,113,134,222,241;19,29,40,89,146,196,205,266;5,17,99,103,118,146,224,261,264,265;0,18,44,80,86,122,141,180,184,202,204,207;7,35,46,102,141,145,177,178,265,281,286,298;2,99,133,206,232,294;37,54,208,259,286;59,128,131,150,174,193,226,262,275,288,294;14,34,59,124,132,173,195,234,235,246;117,161,180,211,264,274;127,134,147;38,175,204,283;111,160,181,243,293;93,97,102,120,123,135,255;54,79,103,117,127,182;3,40,252,277;161,190,246;65,93,113,140,143,203,251,261,294,295;216,244,269;4,16,61,89,161,177,201,234,235,257,265;107,194,297;95,132,166,185;94,107,121,134,137,175,187,214,217,241,255;67,92,143,186,205,230,292,294;51,120,138,195,221,284;4,74,76,90,215,242;24,68,128,153,161,249,264,273,287,290;30,49,50,83,110,130,171,230,243;10,131,176,184,210,285,286;101,179,294,295;40,89,145,146,166,181,195,228,237,249,261;85,172,207,215,292;40,82,116,175;136,138,149,162,185,202,227,266;11,40,64,85,94,107,120,128,203,211;32,48,242,280;13,203,268;43,53,79,134;64,67,87,117,126,145,158,226,269;17,166,182;69,90,139,222,227,233,239,276,280,288;45,116,157,158,177,187,211,226,246,273,276;0,5,69,79,155,176,267;4,153,220,240,244,251,273;3,96,118,191,210,280,287;40,83,112,127,134,193,199,202,216;137,139,145,211,264,272;35,56,69,93,148,233;9,11,25,52,77,95,96,139,164,231,251,273;4,46,64,77,119,137,224;111,175,252;16,28,41,74,159,169,190,237,255;36,92,98,128,200,240,278;6,17,62,101,126,127,197,226,235;106,199,242,266;21,62,81,129,165,266,281;7,26,57,101,111,120,152,166,184,222;61,124,141,202,299;21,243,297;30,45,46,78,79,80,127,173,182,190,255,274;64,119,162,249;10,20,68,98,128,177,183,193,224,248,286;95,97,178,250,277,278,290;35,79,82,140,230,239,271,283;0,134,187,194,232,259,277;9,32,122,164,186;56,78,97,144,164,165,198,209,254,268,282;22,34,66,267;16,54,98,103,248;16,198,250,292;6,25,31,36,40,106,113,131,187,239,251;20,29,36,136,188,212,270,285;39,49,51,110,118,265,272;54,91,97,98,127,212,269,285,291;53,80,85,92,172,183,205,218,234,258,273,281;123,161,165,166,180,190,211,220,226,279,281,288;130,184,192,229,231,281;0,3,8,17,69,145,153,154,265;11,109,141,161,261,283;19,48,70,79,127,135,182,187,235,292,298;47,131,153,204,291,292;39,88,166,247,249,295;19,153,195,295;28,171,178,222;5,21,27,61,116,156,163,195,268;25,76,78,113,167,201,228,257,258,289,294;113,148,201,221;42,67,172,243,292;134,204,280;66,204,222,256;101,202,246,249,286;36,45,57,100,124,126,136,165,220,268,287,294;12,86,97,156,164,176,178,187,216;22,74,79,102,119,191,225,226;27,57,75,124;7,11,56,156,175,230,241;104,107,108,132,267,275,279,280;9,22,30,72,87,130,145,192,269,298;4,27,34,138,198,238;9,55,118,149,184,194,197;11,45,50,95,101,161,234,248,256,272,287;126,156,271;9,80,154,177,180,181,201,250;15,31,131,141,198,256;44,70,77,115,116,143,174,195,201,213,266;78,159,168,218,229,293;67,69,70,74,103,105,158,220,268,277,297;15,34,60,74,80,94,162,163,210,211,272,285;54,67,77,94,96,140,226;118,136,290;13,40,68,94,118,183,191,198,240,244,251,257;7,16,70,83,98,113,115,138,209,211;33,90,104,166,224,250;21,126,160,194,201,207,218,268,274,292;55,231,266;20,21,25,125,198,202,264,265,275,285;146,149,155,203,225,236;27,72,150,216,264;46,57,69,92,201,211,231,256,279,299;12,46,91,103,128,165,230,232;46,58,63,185,230;81,196,261,268;22,74,76,83,87,171,194,281,289;26,157,158,214,228;1,6,60,67,92,103,129;2,111,121,209,232,243,252,254,255,278;3,25,40,75,94,106,125,142,280,285;18,74,178;152,169,295;25,55,91,213;90,145,233,287,293;18,33,34,47,149,153,165,184,188,194,218,281;29,55,62,68,107,140,168,211,268,269;44,66,132,147,162,181,218,247,269,270,288,294;0,12,60,92,99,119,148,252,254,266;5,23,60,106,108,170,179,211,212,286;34,130,144,153,157,259;3,14,58,89,99,165,169,170,174,202,291;18,69,79,235,242,245,246,274;28,153,161,211,236,266,284,289;9,15,33,76,106,143,169,173,181,192,295;16,44,59,84,95,139,157,161,199,211,292;19,57,89,110,121,154,190,191,231,268;12,47,227,247,256,259;97,158,174,247,268;18,50,67,73,105,198,235,264;2,11,22,23,44,52,59,159,170,239,266;60,98,102,107,139,141,146,159,163,164,225,272;7,58,80,140,286;52,72,105,125,138,145,163,179,277,281,293;36,159,173,227,276;14,66,241;27,54,196;91,200,218,228;40,47,49,67,101,159,170,182,238,239,273,290;73,93,114,118,132,158,186,200,238,240;15,33,57,166,179,232,243,249;52,54,65,87,144,178,207,236,260,294;36,122,154,205,211,236,272,284;33,81,106,124,174,175,196,220,222,246,280,290;39,49,58,88,120,166,227,237,249,284,293;35,55,157,194,207;0,31,46,71,75,111,253,297;149,199,231,272,295;45,100,105,153,155,162,176,222,291,298;65,206,261;0,27,31,183,189,281,286;15,120,144,221;71,88,96,108,162,195,201,207,222,243,279,284;5,8,36,64,68,78,147,184,213;43,69,70,223,249;92,181,196,217,230,232,233,260,282;3,95,121,217,255,295;17,19,57,137,187,188,210,247,279,290,295;39,40,45,72,125,143,238,241,246,264,267,269;5,27,159,169,175,232,240,262,273,293,296;18,31,85,133,148,150,155,180,288;13,26,42,64,86,146,149,248,293,296;7,39,57,67,77,89,129,131,140,142,143;16,43,89,92,120,133,175,189,248,270;78,121,196,211,253;26,27,59,85,107,135,176,204,237,295;74,119,134,154,194,199,242,243,271,272;6,21,49,147,161,195,229,271,272;50,130,136,138,139,171,221,299;5,92,99,123,160,172,236,266,280;6,34,210;53,179,228,268;12,17,47,98,128,145;61,62,111;66,94,192,289;94,129,150,239;141,165,218,232;31,37,82,141,170,195,198;91,132,135;35,55,73,91,102,111,201,220,251,276;9,17,36,37,52,54,128,132,226,228,254,292;0,19,77,136,199;1,200,206,223,244,251,263,294;1,115,196,276;28,46,62,155,170,183,187,205,274,290;20,41,90,97,103,148,153,174,196,235,283;18,43,54,71,97,98,183,224,249;122,199,250;157,255,273,276;8,18,21,28,60,108,172,173,207,267;9,18,36,72,76,119,241,250,274,296;7,23,25,32,49,54,66,87,88,124,157,233;32,103,112,254;61,70,109,164,166,172,205,279,294;32,88,171;72,86,140,212;20,51,68,84,124,224,283,297;3,8,41,45,64,80,91,145,192,213,243,249;73,122,138,210,230,267;19,45,92,154,255;2,48,60,98,120,214,271,285;27,57,76,99,106,112,141,185,237,242,259,276;22,27,81,90,107,128,145,171,186,222;14,22,26,36,53,59,80,90,232,248,263,275;101,117,166,214,227,296;50,116,121,166;27,37,102,112,192,223,241,248,299;91,110,191,198,232;99,103,138,183,234;16,30,56,65,69,143,238,291;44,80,87,112,117,151,175,214,283,295;7,110,126,142,219,236,242,250,267;76,113,167,222,293,296;20,22,213;17,50,123,201,217,231,245,253,258,271;6,111,208,285;8,46,122,151,183;12,70,82,156,207,232,235,237,292,298;0,36,189,197,237;16,106,138,151,218,271,277,294;28,171,186,263;56,187,196;20,34,70,89,104,122,171,187,286,287;58,107,115,136,141,164,180,216,244,257,297;32,176,190;33,62,149,188,231,240,248,256,269,272;41,44,91,147,200,234;55,57,84,141;11,77,104,254,266;67,177,213,215,227,242,277;32,96,149;118,171,266;155,167,175,227,234,248,271,280,296;24,67,75,87,116,133,145,147,156,180,190,247;21,59,78,82,85,89,93,121,146,274;64,94,105,133,189,225,287,294;75,162,176;12,62,83,154,207,229,273,276;2,74,79,151,163,169,234,242,259,279;57,75,173,226,245,289,293;59,71,282;12,47,112,167,182,205,228;99,269,298;11,42,100,142,228,275;99,201,251,262;28,75,184,189,197,203,218,261;6,44,145,157,176,179,228,287;83,147,212,217,226,227;33,44,71,73,106,155,171,243,268;3,45,70,89,102,139,192,209,212,236,284,290;21,148,195,251,283;13,114,155,237,252,286,299;78,134,153;14,61,63,91,125,141,147,213,251,252;185,246,289,297;8,61,83,132,191,243,262,294,297;74,163,236;27,83,139,182,184;24,39,93,99,148,149,182,263,271;85,161,165,278;49,73,138,180,185,273,296;70,144,265;52,79,83,111,174,210,248,257;58,96,269,272,282,286;8,39,59,67,159,178,185,235,245;88,155,175,226,267;60,65,113;64,66,107,116,157;9,39,57,217;16,21,30,55,60,100,129,220,240,262;5,33,154;63,94,102,105;14,46,74,82,142,178,180,296;7,34,50,98,111,123,144,258,270,291,296;2,50,109,258,275;54,92,94,109,181,187,194,217,225,263;56,57,63,160,208,238;20,42,59,69,147,167,184,197,252,253,285;115,148,159,208,227,233,283;6,35,53,91,96,188,202,243,251;33,43,52,61,73,86,186,202,205,267;62,102,119,173,206,217;75,139,142,182,204,207,243,248,261,297;15,27,50,55,62,68,118,128,250,254;13,91,195,255;39,49,78,103,150,155,167,238,251,252,254,266;9,16,60,133,175,196,220,230,276,277,279;16,18,90,155,192,226,235,285;68,159,199,220,251;56,80,240,243,251,276,283,287,291,292;14,23,28,31,134,145,164,180,193,200,253;13,174,178,187,298;28,49,125,126,176,179,182,210,219;33,43,58,156,159,172;10,19,166,235,275;10,11,136,162,193,215,240,263,290;50,51,85,105,165,172,173,199,250,254,257,293;24,38,103,109,135,147,152,153,186,223,254,274;34,47,48,115,139,172,205,218,243,271,290,296;39,153,154,177,221,258;9,92,102,128,160,205,212,232,263,264,280;109,137,239,255,295;30,75,77,102,123,153,186,222,236,267,289;32,82,104,131,136,146,163,210,211;14,58,76,98,120,122,125,158,207,237,248,286;14,18,69,81,103,132,139,142,216;10,21,28,32,42,90,152,160,186,208,248;57,71,120,203;46,61,62,121,128,160,168,254,256,267,268,297;54,73,89,109,111,120,130,140,199,209,216,225;28,57,74,126,142,162,191,216,243,251,273,279;10,17,27,122,129,157,188,243;4,62,121,130,158,185,196,198,201,226,273;46,82,107,120,152,162,224;17,41,51,140,170,211,216,241,251;33,133,180,215,259;1,14,26,69,94,102,156,167,205,227,232,280;42,56,66,80,127,210,264,294;68,88,101,133,144,167,231,244;93,188,201,212;10,11,45,101,114,117,236,285,292;25,45,76,86,133,205,219;7,60,87,222,232,253,269,290;97,104,114,136;66,105,110,144,195,220,253;14,74,92,148,209,214;43,120,127,189,230,234,298;68,165,240;26,30,37,48,108,131,196,216,285;2,23,120,129,181,195,241,258;21,67,91,189,202,286,297;45,67,86,173,239,252,257;22,59,65,72,133,160,221,271;84,134,135,143,144,160,184,220,223,264;27,76,77,96,117,225,251,284;18,83,133,239,240;20,59,182,226,234,248,252,253,287;47,63,75,178;86,92,139,145,260,288;2,39,48,92,108,126,168,213,255,269,292,298;62,145,201;14,41,54,78,165,232,235,245;2,22,66,166,168,231,291;24,28,36,144,165,280;10,45,47,83,91,106,122,130,195,198,204,206;61,67,78,152,158,221,251;49,102,188,198,228,243,250,262;46,95,188,216,218,222,288;20,174,237,262;42,79,148,253,268,269;40,65,76,127,151,153,218,223,244,267;23,24,39,48,55,211,217,237,261,262,282,291;8,41,58,130,181,257,299;23,42,91,93,152,160,201,213,230,232;2,9,40,54,94,95,108,132,135,174,222,273;6,59,87,155,184,207,235,244,249;7,8,44,57,64,69,96,97,154;74,107,246;44,97,154,223,237,275;11,59,85,216,242;10,227,230,241,248;4,26,52,103,124,150,170,200,212,221,253,291;9,18,31,118,148,204,216,248,249,262,270,283;10,32,59,137,161,177,213,223,229,242,253,283;98,147,176,224,240;67,112,150,173,239,259;44,66,82,106,144,184,213,241,247;51,80,102,212,251;9,24,81,107,120,133,155,182,183,285;16,32,172,220,257;61,114,116,287;23,25,53,77,132,136,174,181,263,285;21,52,53,54,56,60,85,234,259,287;80,149,185,226,255,259;70,78,171,186;3,103,212,224;43,87,146,174,242,258;77,125,184,190,212,215,271;70,209,211,219,234,264;5,15,35,43,74,173,226,264;18,31,77,84,201,205,222,294;151,214,266;4,75,143,155,160,176,206,270,283;18,43,101,105,154,176,207,226,275,278;47,64,109,145,199,261,266,276;11,14,81,123,132,155,159,174,216,266,276;24,30,56,63,132,152,181,190,229,259,293;120,173,232;53,71,119,126,145,153,179,193,266,273,289,293;50,75,98,184,217,232,264,298;31,39,41,47,66,109,217,228,243;135,202,206,255,265,269,286,299;65,73,83,213,225,234,248,250,258;60,108,233,262,270;16,56,60,61,80,148,189,209,286,292;60,78,267;14,72,73,150,155,156,191,248;1,24,34,62,93,110,145,156,178,215,250,280;213,246,293;67,70,172,193,231,243,289;45,76,119,166,173,198,202,209,229,230,235;12,23,45,63,84,142,158,226,286,287,292;27,98,277,295;9,61,92,96,105,125,140,243,257,267,272,296;11,23,43,92,164,174,205,223,251,273;12,46,50,58,131,162,195,270,277;45,73,93,130,146;30,86,157,166,208;13,29,50,152,199;26,61,72,103,132,165,192,211;58,121,197,252,258,260;31,33,162,208,237,247,283;9,119,208;51,64,126,155,283,284,290;42,72,86,104,125,191,228,256,276;0,21,30,85,139,148,216,231,237,246,284;23,35,82,108,128,144,179,194,261,273,288,299;45,62,71,143,202,221,284;133,139,162,175,231,258;8,107,164,168,174,235;1,2,4,88,243;15,39,41,63,201,227,250,275,284;4,63,90,183,189,192,198,236;4,10,113,143,183,227;46,113,119,155,185,252;107,143,252;56,100,202;87,99,252,256,282,289,291;11,33,65,89,98,116,132,140,267,272,289,291;1,26,62,129,140,165,208,218,221,232,265,286;22,24,114,142,185,215,229,253,264,272;2,12,41,99,115,171,200,292;14,32,38,49,84,100,127,159,168;12,27,55,122,126,128,171,174,221,242;37,48,63,121,224,228,266,296;17,31,160,193;28,31,65,226;26,28,33,52,150,221,286;5,49,119,196,205,210,219,232,237;6,13,34,51,52,55,98,99,168,173,232,264;22,30,64,70,95,124,131,181,215,227,246,260;159,183,223,262,299;74,75,158,175,240,277,298;4,29,74,121,188,259,265;27,35,96,100,102,103,174,176,216,239,243;21,53,83,153,168,169,171,214,232,253,289,296;1,109,114,117,122,238;3,5,37,94,105,169,183,185,192,204;58,72,284;15,22,99,101,184,225,299;89,112,134,145,173,283;11,51,90,91,100,134;56,70,194;87,107,122,156,189,190,233,269;33,60,66,73,97,98,162,191,193,219,222,272;23,76,96,150,167,274;27,64,143,250,260,299;33,41,85,198,240,260;91,137,164,191,237,242,247,253,255,265,269;18,103,106,111,112,120,156,202,205,217,231,298;43,68,80,130,151,191,227,281,292;21,117,172,180,218,221,230,238,239,262,298;12,91,119,139,162,188,195,226,254;38,42,150,183,256,262,279;50,60,116,141;19,102,184,279;70,97,100,128,140,154,168,278;4,144,153,177,206,207,296;76,241,262;107,116,119,174,236,239,242,264,282;96,160,213,219;15,71,191,224,230,285;4,65,115,153,156,173,181,206,214,217,255,275;11,16,71,78,169,200,290,293;32,55,96,104,168,197,200,243,273;13,16,47,53,87,90,95,101,155,231,250,283;105,119,145,197;5,29,35,188,232,265,268;56,80,167,200,210;35,199,214,244,274;66,81,105,158,221,243;3,32,73,103,126,141,158,204,228,234,257,294;20,46,147,168,177,233,235,236,251,291,294;89,91,127,200,212,221,234;22,48,80,93,122,140,201,275,291;34,62,111,188,210,252,283;53,166,209,258;13,22,37,84,106,129,175,195,236,259;5,19,58,69,99,128,167,203,237;34,42,71,82,124,142,224,236,241,280;9,51,63,90,150;5,17,39,78,86,91,110,139,183,200,225;2,24,26,52,110,157,193,199,226,227,267;8,46,102,122,127,191;7,14,22,32,49,85,98,112,172;55,97,106,165,167,202,262,277,287;7,54,61,88,109,118,165,182,205;6,33,108,112,142,188,199,234;34,111,210;48,52,87,128,255,274,291;9,34,68,89,162,166,170,171,198,229,246,299;6,10,63,119,121,158,219,257,261;30,40,70,151,191,255;19,77,104,121,192,227;12,20,68,142,147,162,212,266;27,105,124,169,175,276;93,113,164,195,226,266;33,35,251;26,46,64,72,88,104;40,84,101,104,120,125,159,217,218,239,259,281;127,146,155,229,295;40,139,184,193,203,246;216,221,225,241,258;10,42,195,218,246;78,89,131,194,237,275,283;36,145,170,192,232,246,287;2,79,97,100,240;191,251,256;19,36,157,191,196,202,209,212,250;83,99,197,289;29,126,130,178,188,197,217,250,260;14,17,75,133,185,244;6,41,47,59,75,82,126,130,196,203,233,296;84,96,129,154,157,195,210,216,218,256,272;55,73,176,293;0,3,86,107,157,203,251;35,147,213,268;68,87,90,93,95,101,191,249,257;95,108,230,290;30,93,98,132,209,225;15,32,40,43,55,63,85,141,150,175,193,299;4,31,51,136,244,248;21,49,298;3,136,192,248,266,267;29,122,161,172,175,184,189,193,204,219;1,13,51,62,71,169,205,233;1,8,96,127,143,164,188,211,231,243,263;23,41,119,166,178,204,227,248;51,73,99,150,197,243,258,266,292;44,65,254;59,86,228,239,246,276,280;45,54,87,108,124,222;82,167,196;63,69,112,131,243,251,273;33,114,170,294;59,114,119,132,193,195,223,287;44,45,57,59,96,174,293;0,31,65,159,160,194,274,295;64,163,186,198,216,266;4,54,74,112,113,151,161,202,233,235,255,275;17,74,145,158,163;30,63,78,110,140,149,170,192,244,253,293;26,91,115,153,200,249;11,172,200,216,280;36,49,67,99,144,178,200,201,270,280;27,70,83,155,226,234,295,297;4,52,74,75,100,107,111,149,185,294;26,28,49,60,86,91,182,218,242;17,60,76,123,125,154,173,203,206,222,250;5,42,45,59,61,88,140,188,192,195,227,237;11,115,250,260;48,50,64,92,140,152,196,222,245,247,292,293;10,32,94,201,207,274,275,284;2,32,60,63,92,106,250,265,275,284,299;20,44,62,65,82,105,131,160,287,294;43,63,259;0,87,127,153,186,216,278;150,265,273;50,71,107,160,180,251,261,267,275,295;18,96,121;68,110,153,183,282;38,65,130,133,195,216,281;42,130,204,217,233;36,98,104,137,274;78,83,161,194,214,222,261,288;39,126,138;56,208,272,280;45,168,170,185;5,50,74,113,115,140,193;48,53,63,89,156,178,250,269,270;24,50,87,92,138,144,162,176,199,206,272,282;4,64,65,73,79,132,136,193,262,290;127,189,214;93,117,141,146,181,219,224,239,257,266;39,40,44,46,156,160,208;29,43,47,84,146,294;5,63,69,207,217,245,252,254,260,263,272;3,97,217;21,38,86,89,115,125,176,187,229,268,270;26,180,216,253,263;57,60,87,127,148,153,173,191,276;1,18,109,111,135,150,156,201,263,291;2,3,29,54,152,168,181,182,235,249;4,51,95,101,181,205,220,251;78,210,263,270;3,79,128,249;153,186,191,202,219,240;55,82,137,224,274;2,101,181,183,222;20,68,97,145;16,60,82,101,136,169,215,245,250;10,55,56,64,65,67,166,199,204,253,256;6,26,121,176,256;4,42,144,148,219,222,245,248;58,78,95,126,127,134,143,219,261;52,76,92,96,242,257;19,61,67,98,140,205;9,26,46,102,218;31,113,118,156,172,208,218,245,268;26,56,126,137,143,155,163,179,186,214,218;0,20,93;108,146,164;51,57,94,129,143,155,171,186,220,251;6,66,169,282;107,121,141,185,190,196,270,299;21,54,61,66;38,50,78,97,98,103,154,175,228,242,273,279;65,98,214;34,60,129,177,187,214,223,229,247,268,286;11,23,31,66,85,97,140,148,203,253,289;38,84,105,139,196,199,205,224,260,262,287;1,4,81,111,292;60,87,112,132,137,151,155,233,257,268,282;20,23,75,121,149,273;26,59,68,107,127,138,273;166,177,188;68,135,209,281;5,8,29,90,112,131,143,150,166,182,275,298;105,131,195,282;79,104,112,118,137,166,202,222,228,297;47,75,90,92,94,235,245,253;10,92,144,158,251,291;35,73,90,96,201;125,206,218,232;6,51,70,269;6,10,22,42,56,67,127,137,196;4,6,54,173,277;71,103,245,288;28,63,79,83,124,136,157,169,245,278;22,52,278;0,12,52,72,114,212,261;75,115,146,180,197,218;39,52,56,57,86,114,144,182,251;22,43,60,77,91,92,170,171,184,217,219,271;53,138,146,154,178;1,39,75,76,135,163,188,199,228,244;57,142,218,295;46,65,93,165,197;70,125,163,170,211,217,246,253;117,214,252,254,272,273,274,275,281;42,44,112,120,185,215,269,295,297;8,104,185;30,56,68,71,73,150,178,184,235,242,282;13,28,60,70,73,107,114,124,193;15,27,37,54,75,80,190,244,297;6,39,40,72,76,125,213,291;71,153,210,240,270;6,16,30,56,79,88,146,227;5,82,116,132,156,202,216,232,256,283,292;28,47,64,80,108,139,193,205,267;39,94,200,239,244,286;27,84,99,138,190,194,207,217;39,53,171,185;83,122,144
R: 1
Seed: 1773054380088
Search starts: 109
Total moves: 448688
Stored scores:300
Total time (ms):30000
Average time per move (nanoseconds):66861.60539171986
Archive (333 solutions):
-232.0, 1062.0
0.0, 0.0
-54.0, 670.0
-56.0, 681.0
-227.0, 1057.0
-229.0, 1059.0
-153.0, 962.0
-150.0, 957.0
-12.0, 318.0
-167.0, 985.0
-242.0, 1071.0
-233.0, 1063.0
-125.0, 907.0
-129.0, 916.0
-126.0, 910.0
-64.0, 720.0
-61.0, 706.0
-27.0, 484.0
-29.0, 502.0
-31.0, 519.0
-28.0, 495.0
-323.0, 1122.0
-320.0, 1121.0
-309.0, 1116.0
-311.0, 1118.0
-286.0, 1103.0
-284.0, 1102.0
-110.0, 873.0
-108.0, 869.0
-96.0, 836.0
-106.0, 863.0
-103.0, 856.0
-8.0, 246.0
-9.0, 266.0
-10.0, 285.0
-456.0, 1164.0
-68.0, 739.0
-65.0, 726.0
-67.0, 735.0
-192.0, 1019.0
-1.0, 44.0
-35.0, 549.0
-32.0, 527.0
-78.0, 779.0
-76.0, 772.0
-79.0, 783.0
-77.0, 776.0
-215.0, 1045.0
-26.0, 477.0
-24.0, 459.0
-86.0, 807.0
-83.0, 797.0
-201.0, 1030.0
-118.0, 892.0
-123.0, 903.0
-120.0, 897.0
-207.0, 1037.0
-202.0, 1032.0
-205.0, 1036.0
-178.0, 1001.0
-188.0, 1014.0
-3.0, 123.0
-220.0, 1050.0
-217.0, 1047.0
-222.0, 1053.0
-231.0, 1061.0
-240.0, 1069.0
-156.0, 967.0
-159.0, 972.0
-157.0, 969.0
-161.0, 975.0
-30.0, 511.0
-33.0, 534.0
-39.0, 579.0
-166.0, 983.0
-172.0, 992.0
-57.0, 686.0
-59.0, 697.0
-73.0, 761.0
-85.0, 803.0
-82.0, 793.0
-37.0, 564.0
-34.0, 542.0
-6.0, 202.0
-7.0, 225.0
-236.0, 1065.0
-4.0, 151.0
-5.0, 178.0
-93.0, 828.0
-255.0, 1081.0
-257.0, 1083.0
-55.0, 675.0
-105.0, 862.0
-138.0, 933.0
-101.0, 851.0
-104.0, 859.0
-235.0, 1064.0
-51.0, 653.0
-177.0, 999.0
-181.0, 1005.0
-180.0, 1004.0
-183.0, 1008.0
-160.0, 974.0
-11.0, 302.0
-72.0, 756.0
-75.0, 768.0
-84.0, 800.0
-88.0, 813.0
-91.0, 823.0
-139.0, 935.0
-401.0, 1150.0
-382.0, 1144.0
-384.0, 1145.0
-251.0, 1079.0
-247.0, 1076.0
-198.0, 1027.0
-190.0, 1016.0
-193.0, 1020.0
-197.0, 1025.0
-184.0, 1009.0
-121.0, 899.0
-111.0, 876.0
-301.0, 1111.0
-58.0, 691.0
-144.0, 945.0
-151.0, 959.0
-114.0, 883.0
-112.0, 879.0
-89.0, 817.0
-148.0, 953.0
-44.0, 612.0
-47.0, 629.0
-164.0, 980.0
-92.0, 825.0
-219.0, 1049.0
-208.0, 1039.0
-102.0, 854.0
-766.0, 1196.0
-303.0, 1112.0
-169.0, 988.0
-163.0, 978.0
-154.0, 964.0
-62.0, 712.0
-63.0, 717.0
-16.0, 370.0
-130.0, 918.0
-136.0, 929.0
-52.0, 659.0
-70.0, 748.0
-117.0, 890.0
-119.0, 894.0
-124.0, 905.0
-122.0, 901.0
-116.0, 888.0
-218.0, 1048.0
-66.0, 730.0
-71.0, 752.0
-195.0, 1023.0
-60.0, 702.0
-127.0, 911.0
-133.0, 924.0
-107.0, 866.0
-46.0, 624.0
-281.0, 1099.0
-279.0, 1098.0
-170.0, 989.0
-155.0, 966.0
-80.0, 786.0
-168.0, 986.0
-171.0, 991.0
-128.0, 913.0
-228.0, 1058.0
-94.0, 832.0
-204.0, 1034.0
-210.0, 1041.0
-145.0, 947.0
-40.0, 586.0
-43.0, 606.0
-230.0, 1060.0
-100.0, 848.0
-261.0, 1086.0
-266.0, 1090.0
-41.0, 593.0
-42.0, 600.0
-53.0, 664.0
-146.0, 949.0
-142.0, 942.0
-297.0, 1109.0
-295.0, 1108.0
-98.0, 843.0
-241.0, 1070.0
-49.0, 642.0
-397.0, 1149.0
-388.0, 1147.0
-14.0, 345.0
-137.0, 931.0
-36.0, 557.0
-173.0, 994.0
-69.0, 743.0
-395.0, 1148.0
-408.0, 1153.0
-403.0, 1152.0
-225.0, 1056.0
-260.0, 1085.0
-263.0, 1088.0
-262.0, 1087.0
-267.0, 1091.0
-635.0, 1187.0
-638.0, 1188.0
-185.0, 1010.0
-187.0, 1013.0
-733.0, 1195.0
-244.0, 1073.0
-22.0, 438.0
-334.0, 1126.0
-200.0, 1029.0
-45.0, 618.0
-299.0, 1110.0
-940.0, 1200.0
-81.0, 789.0
-283.0, 1100.0
-152.0, 960.0
-186.0, 1011.0
-191.0, 1018.0
-17.0, 377.0
-18.0, 394.0
-2.0, 85.0
-162.0, 977.0
-289.0, 1105.0
-90.0, 820.0
-238.0, 1068.0
-549.0, 1180.0
-541.0, 1179.0
-15.0, 355.0
-379.0, 1142.0
-365.0, 1139.0
-371.0, 1141.0
-13.0, 329.0
-179.0, 1002.0
-38.0, 571.0
-719.0, 1194.0
-707.0, 1193.0
-686.0, 1191.0
-113.0, 881.0
-50.0, 646.0
-174.0, 995.0
-176.0, 998.0
-277.0, 1097.0
-74.0, 764.0
-20.0, 416.0
-521.0, 1177.0
-512.0, 1176.0
-629.0, 1186.0
-271.0, 1092.0
-272.0, 1094.0
-273.0, 1096.0
-99.0, 845.0
-307.0, 1114.0
-293.0, 1107.0
-288.0, 1104.0
-585.0, 1185.0
-572.0, 1183.0
-552.0, 1181.0
-556.0, 1182.0
-357.0, 1136.0
-359.0, 1137.0
-366.0, 1140.0
-361.0, 1138.0
-353.0, 1135.0
-349.0, 1134.0
-344.0, 1132.0
-141.0, 940.0
-131.0, 919.0
-115.0, 885.0
-305.0, 1113.0
-237.0, 1067.0
-87.0, 810.0
-223.0, 1054.0
-23.0, 442.0
-343.0, 1130.0
-336.0, 1128.0
-328.0, 1125.0
-648.0, 1189.0
-650.0, 1190.0
-194.0, 1022.0
-189.0, 1015.0
-95.0, 834.0
-428.0, 1157.0
-423.0, 1156.0
-147.0, 951.0
-143.0, 944.0
-481.0, 1171.0
-465.0, 1168.0
-468.0, 1169.0
-318.0, 1119.0
-109.0, 871.0
-211.0, 1042.0
-140.0, 937.0
-253.0, 1080.0
-249.0, 1077.0
-165.0, 982.0
-21.0, 422.0
-19.0, 400.0
-535.0, 1178.0
-48.0, 636.0
-97.0, 840.0
-324.0, 1123.0
-691.0, 1192.0
-134.0, 925.0
-135.0, 928.0
-149.0, 955.0
-213.0, 1044.0
-209.0, 1040.0
-511.0, 1173.0
-463.0, 1165.0
-486.0, 1172.0
-291.0, 1106.0
-420.0, 1155.0
-416.0, 1154.0
-784.0, 1197.0
-132.0, 921.0
-818.0, 1198.0
-822.0, 1199.0
-158.0, 971.0
-175.0, 997.0
-182.0, 1007.0
-452.0, 1162.0
-446.0, 1161.0
-441.0, 1160.0
-430.0, 1158.0
-431.0, 1159.0
-256.0, 1082.0
-216.0, 1046.0

